







5.5.5.5
10E
1000EDKLD
10000K78
+100000
+100000
100E6
100E6
10e10e10e10
50e10
50e10
